src/controllers/adminController.ts(81,51): error TS2379: Argument of type '{ status: string; customerId: string; dateFrom: Date | undefined; dateTo: Date | undefined; }' is not assignable to parameter of type 'DashboardFilters' with 'exactOptionalPropertyTypes: true'. Consider adding 'undefined' to the types of the target's properties.
  Types of property 'dateFrom' are incompatible.
    Type 'Date | undefined' is not assignable to type 'Date'.
      Type 'undefined' is not assignable to type 'Date'.
src/controllers/adminController.ts(246,60): error TS2379: Argument of type '{ status: string; priority: string; technicianId: string; dateFrom: Date | undefined; dateTo: Date | undefined; }' is not assignable to parameter of type 'ServiceFilters' with 'exactOptionalPropertyTypes: true'. Consider adding 'undefined' to the types of the target's properties.
  Types of property 'dateFrom' are incompatible.
    Type 'Date | undefined' is not assignable to type 'Date'.
      Type 'undefined' is not assignable to type 'Date'.
src/controllers/analyticsController.ts(154,13): error TS6198: All destructured elements are unused.
src/controllers/analyticsController.ts(160,13): error TS7034: Variable 'revenueByWilaya' implicitly has type 'any[]' in some locations where its type cannot be determined.
src/controllers/analyticsController.ts(164,15): error TS7005: Variable 'revenueByWilaya' implicitly has an 'any[]' type.
src/controllers/analyticsController.ts(177,13): error TS6198: All destructured elements are unused.
src/controllers/analyticsController.ts(183,13): error TS7034: Variable 'paymentAnalytics' implicitly has type 'any[]' in some locations where its type cannot be determined.
src/controllers/analyticsController.ts(187,15): error TS7005: Variable 'paymentAnalytics' implicitly has an 'any[]' type.
src/controllers/authController.ts(6,10): error TS2305: Module '"@prisma/client"' has no exported member 'UserRole'.
src/controllers/authController.ts(131,75): error TS2345: Argument of type 'string | null' is not assignable to parameter of type 'string'.
  Type 'null' is not assignable to type 'string'.
src/controllers/authController.ts(278,9): error TS2375: Type '{ id: string | undefined; }' is not assignable to type 'UserWhereUniqueInput' with 'exactOptionalPropertyTypes: true'. Consider adding 'undefined' to the types of the target's properties.
  Type '{ id: string | undefined; }' is not assignable to type '{ id: string; email: string; googleId: string; } & { id?: string; email?: string; googleId?: string; AND?: UserWhereInput | UserWhereInput[]; OR?: UserWhereInput[]; ... 19 more ...; passwordResets?: PasswordResetListRelationFilter; }'.
    Type '{ id: string | undefined; }' is missing the following properties from type '{ id: string; email: string; googleId: string; }': email, googleId
src/controllers/authController.ts(350,9): error TS2375: Type '{ id: string | undefined; }' is not assignable to type 'UserWhereUniqueInput' with 'exactOptionalPropertyTypes: true'. Consider adding 'undefined' to the types of the target's properties.
  Type '{ id: string | undefined; }' is not assignable to type '{ id: string; email: string; googleId: string; } & { id?: string; email?: string; googleId?: string; AND?: UserWhereInput | UserWhereInput[]; OR?: UserWhereInput[]; ... 19 more ...; passwordResets?: PasswordResetListRelationFilter; }'.
    Type '{ id: string | undefined; }' is missing the following properties from type '{ id: string; email: string; googleId: string; }': email, googleId
src/controllers/authController.ts(401,9): error TS2375: Type '{ id: string | undefined; }' is not assignable to type 'UserWhereUniqueInput' with 'exactOptionalPropertyTypes: true'. Consider adding 'undefined' to the types of the target's properties.
  Type '{ id: string | undefined; }' is not assignable to type '{ id: string; email: string; googleId: string; } & { id?: string; email?: string; googleId?: string; AND?: UserWhereInput | UserWhereInput[]; OR?: UserWhereInput[]; ... 19 more ...; passwordResets?: PasswordResetListRelationFilter; }'.
    Type '{ id: string | undefined; }' is missing the following properties from type '{ id: string; email: string; googleId: string; }': email, googleId
src/controllers/authController.ts(413,82): error TS2345: Argument of type 'string | null' is not assignable to parameter of type 'string'.
  Type 'null' is not assignable to type 'string'.
src/controllers/authController.ts(427,9): error TS2375: Type '{ id: string | undefined; }' is not assignable to type 'UserWhereUniqueInput' with 'exactOptionalPropertyTypes: true'. Consider adding 'undefined' to the types of the target's properties.
  Type '{ id: string | undefined; }' is not assignable to type '{ id: string; email: string; googleId: string; } & { id?: string; email?: string; googleId?: string; AND?: UserWhereInput | UserWhereInput[]; OR?: UserWhereInput[]; ... 19 more ...; passwordResets?: PasswordResetListRelationFilter; }'.
    Type '{ id: string | undefined; }' is missing the following properties from type '{ id: string; email: string; googleId: string; }': email, googleId
src/controllers/authController.ts(432,44): error TS2345: Argument of type 'string | undefined' is not assignable to parameter of type 'string'.
  Type 'undefined' is not assignable to type 'string'.
src/controllers/authController.ts(481,13): error TS2304: Cannot find name 'EmailService'.
src/controllers/orderController.ts(36,9): error TS2322: Type 'Response<any, Record<string, any>>' is not assignable to type 'void'.
src/controllers/orderController.ts(43,9): error TS2322: Type 'Response<any, Record<string, any>>' is not assignable to type 'void'.
src/controllers/orderController.ts(47,9): error TS2322: Type 'Response<any, Record<string, any>>' is not assignable to type 'void'.
src/controllers/orderController.ts(51,13): error TS6133: 'paymentMethod' is declared but its value is never read.
src/controllers/orderController.ts(60,11): error TS2322: Type 'Response<any, Record<string, any>>' is not assignable to type 'void'.
src/controllers/orderController.ts(66,11): error TS2322: Type 'Response<any, Record<string, any>>' is not assignable to type 'void'.
src/controllers/orderController.ts(178,9): error TS2322: Type 'Response<any, Record<string, any>>' is not assignable to type 'void'.
src/controllers/orderController.ts(191,11): error TS2353: Object literal may only specify known properties, and 'orderItems' does not exist in type 'OrderInclude<DefaultArgs>'.
src/controllers/orderController.ts(242,9): error TS2375: Type '{ id: string; customerId: string | undefined; }' is not assignable to type 'OrderWhereInput' with 'exactOptionalPropertyTypes: true'. Consider adding 'undefined' to the types of the target's properties.
  Types of property 'customerId' are incompatible.
    Type 'string | undefined' is not assignable to type 'string | StringFilter<"Order">'.
      Type 'undefined' is not assignable to type 'string | StringFilter<"Order">'.
src/controllers/orderController.ts(247,11): error TS2353: Object literal may only specify known properties, and 'orderItems' does not exist in type 'OrderInclude<DefaultArgs>'.
src/controllers/orderController.ts(279,9): error TS2322: Type 'Response<any, Record<string, any>>' is not assignable to type 'void'.
src/controllers/orderController.ts(307,9): error TS2375: Type '{ id: string; customerId: string | undefined; status: string; }' is not assignable to type 'OrderWhereInput' with 'exactOptionalPropertyTypes: true'. Consider adding 'undefined' to the types of the target's properties.
  Types of property 'customerId' are incompatible.
    Type 'string | undefined' is not assignable to type 'string | StringFilter<"Order">'.
      Type 'undefined' is not assignable to type 'string | StringFilter<"Order">'.
src/controllers/orderController.ts(313,11): error TS2353: Object literal may only specify known properties, and 'orderItems' does not exist in type 'OrderInclude<DefaultArgs>'.
src/controllers/orderController.ts(318,9): error TS2322: Type 'Response<any, Record<string, any>>' is not assignable to type 'void'.
src/controllers/orderController.ts(337,34): error TS2339: Property 'orderItems' does not exist on type '{ id: string; createdAt: Date; updatedAt: Date; customerId: string; orderNumber: string; addressId: string; status: string; paymentStatus: string; subtotal: Decimal; taxAmount: Decimal; ... 9 more ...; estimatedDelivery: Date | null; }'.
src/controllers/paymentController.ts(69,11): error TS2375: Type '{ orderId: any; amount: any; currency: any; method: any; status: string; provider: string; providerPaymentId: string | undefined; createdAt: Date; updatedAt: Date; }' is not assignable to type '(Without<PaymentCreateInput, PaymentUncheckedCreateInput> & PaymentUncheckedCreateInput) | (Without<...> & PaymentCreateInput)' with 'exactOptionalPropertyTypes: true'. Consider adding 'undefined' to the types of the target's properties.
  Type '{ orderId: any; amount: any; currency: any; method: any; status: string; provider: string; providerPaymentId: string | undefined; createdAt: Date; updatedAt: Date; }' is not assignable to type 'Without<PaymentUncheckedCreateInput, PaymentCreateInput> & PaymentCreateInput' with 'exactOptionalPropertyTypes: true'. Consider adding 'undefined' to the types of the target's properties.
    Type '{ orderId: any; amount: any; currency: any; method: any; status: string; provider: string; providerPaymentId: string | undefined; createdAt: Date; updatedAt: Date; }' is not assignable to type 'Without<PaymentUncheckedCreateInput, PaymentCreateInput>'.
      Types of property 'orderId' are incompatible.
        Type 'any' is not assignable to type 'never'.
src/controllers/productController.ts(3,26): error TS2459: Module '"@/services/productService"' declares 'ProductFilters' locally, but it is not exported.
src/middleware/auth.ts(4,10): error TS2305: Module '"@prisma/client"' has no exported member 'UserRole'.
src/middleware/auth.ts(230,29): error TS2345: Argument of type '[string, number, number]' is not assignable to parameter of type '[key: RedisCommandArgument, seconds: number, value: RedisCommandArgument] | [options: CommandOptions<ClientCommandOptions>, key: RedisCommandArgument, seconds: number, value: RedisCommandArgument]'.
  Type '[string, number, number]' is not assignable to type '[key: RedisCommandArgument, seconds: number, value: RedisCommandArgument]'.
    Type at position 2 in source is not compatible with type at position 2 in target.
      Type 'number' is not assignable to type 'RedisCommandArgument'.
src/middleware/security.ts(38,39): error TS2339: Property 'csrfToken' does not exist on type 'Session & Partial<SessionData>'.
src/middleware/security.ts(54,15): error TS2339: Property 'csrfToken' does not exist on type 'Session & Partial<SessionData>'.
src/routes/analytics.ts(3,29): error TS2305: Module '"../middleware/auth"' has no exported member 'authorizeRoles'.
src/routes/orders.ts(3,10): error TS2305: Module '"../middleware/auth"' has no exported member 'authMiddleware'.
src/services/adminService.ts(2,18): error TS2305: Module '"@prisma/client"' has no exported member 'OrderStatus'.
src/services/adminService.ts(2,31): error TS2724: '"@prisma/client"' has no exported member named 'ServiceRequestStatus'. Did you mean 'ServiceRequest'?
src/services/adminService.ts(2,53): error TS2305: Module '"@prisma/client"' has no exported member 'UserRole'.
src/services/adminService.ts(387,7): error TS2375: Type '{ status: OrderStatus; trackingNumber: string | undefined; notes: string | undefined; shippedAt: Date | undefined; deliveredAt: Date | undefined; }' is not assignable to type '(Without<OrderUpdateInput, OrderUncheckedUpdateInput> & OrderUncheckedUpdateInput) | (Without<...> & OrderUpdateInput)' with 'exactOptionalPropertyTypes: true'. Consider adding 'undefined' to the types of the target's properties.
  Type '{ status: OrderStatus; trackingNumber: string | undefined; notes: string | undefined; shippedAt: Date | undefined; deliveredAt: Date | undefined; }' is not assignable to type 'Without<OrderUncheckedUpdateInput, OrderUpdateInput> & OrderUpdateInput' with 'exactOptionalPropertyTypes: true'. Consider adding 'undefined' to the types of the target's properties.
    Type '{ status: OrderStatus; trackingNumber: string | undefined; notes: string | undefined; shippedAt: Date | undefined; deliveredAt: Date | undefined; }' is not assignable to type 'OrderUpdateInput' with 'exactOptionalPropertyTypes: true'. Consider adding 'undefined' to the types of the target's properties.
      Types of property 'notes' are incompatible.
        Type 'string | undefined' is not assignable to type 'string | NullableStringFieldUpdateOperationsInput | null'.
          Type 'undefined' is not assignable to type 'string | NullableStringFieldUpdateOperationsInput | null'.
src/services/adminService.ts(430,58): error TS2353: Object literal may only specify known properties, and 'mode' does not exist in type 'StringFilter<"User">'.
src/services/adminService.ts(431,57): error TS2353: Object literal may only specify known properties, and 'mode' does not exist in type 'StringFilter<"User">'.
src/services/adminService.ts(432,54): error TS2353: Object literal may only specify known properties, and 'mode' does not exist in type 'StringFilter<"User">'.
src/services/adminService.ts(433,52): error TS2353: Object literal may only specify known properties, and 'mode' does not exist in type 'StringNullableFilter<"Customer">'.
src/services/adminService.ts(519,9): error TS2353: Object literal may only specify known properties, and 'loyaltyPoints' does not exist in type 'CustomerInclude<DefaultArgs>'.
src/services/adminService.ts(676,9): error TS2375: Type '{ email: string; firstName: string; lastName: string; phone: string | undefined; password: string; role: any; isVerified: true; }' is not assignable to type '(Without<UserCreateInput, UserUncheckedCreateInput> & UserUncheckedCreateInput) | (Without<...> & UserCreateInput)' with 'exactOptionalPropertyTypes: true'. Consider adding 'undefined' to the types of the target's properties.
  Type '{ email: string; firstName: string; lastName: string; phone: string | undefined; password: string; role: any; isVerified: true; }' is not assignable to type 'Without<UserUncheckedCreateInput, UserCreateInput> & UserCreateInput' with 'exactOptionalPropertyTypes: true'. Consider adding 'undefined' to the types of the target's properties.
    Type '{ email: string; firstName: string; lastName: string; phone: string | undefined; password: string; role: any; isVerified: true; }' is not assignable to type 'UserCreateInput' with 'exactOptionalPropertyTypes: true'. Consider adding 'undefined' to the types of the target's properties.
      Types of property 'phone' are incompatible.
        Type 'string | undefined' is not assignable to type 'string | null'.
          Type 'undefined' is not assignable to type 'string | null'.
src/services/adminService.ts(691,11): error TS2322: Type 'string[]' is not assignable to type 'string'.
src/services/adminService.ts(721,11): error TS2375: Type '{ id: string | undefined; }' is not assignable to type 'UserWhereUniqueInput' with 'exactOptionalPropertyTypes: true'. Consider adding 'undefined' to the types of the target's properties.
  Type '{ id: string | undefined; }' is not assignable to type '{ id: string; email: string; googleId: string; } & { id?: string; email?: string; googleId?: string; AND?: UserWhereInput | UserWhereInput[]; OR?: UserWhereInput[]; ... 19 more ...; passwordResets?: PasswordResetListRelationFilter; }'.
    Type '{ id: string | undefined; }' is missing the following properties from type '{ id: string; email: string; googleId: string; }': email, googleId
src/services/adminService.ts(727,11): error TS2375: Type '{ email: string | undefined; firstName: string | undefined; lastName: string | undefined; phone: string | undefined; }' is not assignable to type '(Without<UserUpdateInput, UserUncheckedUpdateInput> & UserUncheckedUpdateInput) | (Without<...> & UserUpdateInput)' with 'exactOptionalPropertyTypes: true'. Consider adding 'undefined' to the types of the target's properties.
  Type '{ email: string | undefined; firstName: string | undefined; lastName: string | undefined; phone: string | undefined; }' is not assignable to type 'Without<UserUncheckedUpdateInput, UserUpdateInput> & UserUpdateInput' with 'exactOptionalPropertyTypes: true'. Consider adding 'undefined' to the types of the target's properties.
    Type '{ email: string | undefined; firstName: string | undefined; lastName: string | undefined; phone: string | undefined; }' is not assignable to type 'UserUpdateInput' with 'exactOptionalPropertyTypes: true'. Consider adding 'undefined' to the types of the target's properties.
      Types of property 'email' are incompatible.
        Type 'string | undefined' is not assignable to type 'string | StringFieldUpdateOperationsInput'.
          Type 'undefined' is not assignable to type 'string | StringFieldUpdateOperationsInput'.
src/services/adminService.ts(739,9): error TS2375: Type '{ employeeId?: string; specialties?: string[]; }' is not assignable to type '(Without<TechnicianUpdateInput, TechnicianUncheckedUpdateInput> & TechnicianUncheckedUpdateInput) | (Without<...> & TechnicianUpdateInput)' with 'exactOptionalPropertyTypes: true'. Consider adding 'undefined' to the types of the target's properties.
  Type '{ employeeId?: string; specialties?: string[]; }' is not assignable to type 'Without<TechnicianUncheckedUpdateInput, TechnicianUpdateInput> & TechnicianUpdateInput' with 'exactOptionalPropertyTypes: true'. Consider adding 'undefined' to the types of the target's properties.
    Types of property 'specialties' are incompatible.
      Type 'string[]' is not assignable to type 'string | NullableStringFieldUpdateOperationsInput | null'.
